[mittrayash.github.io/index.html]
[backblue.gif]
[fade.gif]
[index.html]
[mittrayash.github.io/bootstrap/css/bootstrap.min.css]
[mittrayash.github.io/css/style.css]
[mittrayash.github.io/css/animations.css]
[maxcdn.bootstrapcdn.com/font-awesome/4.4.0/css/font-awesome.min.css]
[mittrayash.github.io/images/favicon.ico]
[mittrayash.github.io/css/skills.css]
[mittrayash.github.io/css/owl.carousel.css]
[mittrayash.github.io/MyResume (Updated).pdf]
[mittrayash.github.io/images/yash.png]
[mittrayash.github.io/img/intern/vakildesk.jpg]
[mittrayash.github.io/img/projects/example_post.png]
[mittrayash.github.io/social_spam.pdf]
[mittrayash.github.io/img/projects/Sociopinion1.png]
[mittrayash.github.io/img/projects/Parkinson's.png]
[mittrayash.github.io/parkinsons.pdf]
[mittrayash.github.io/img/projects/HPCS.png]
[mittrayash.github.io/img/projects/pollution.png]
[mittrayash.github.io/img/projects/firebaseRestaurant.png]
[mittrayash.github.io/img/projects/protein.png]
[mittrayash.github.io/img/projects/CreativeKey.png]
[mittrayash.github.io/img/projects/twitter.png]
[mittrayash.github.io/img/projects/Princeton.png]
[mittrayash.github.io/img/projects/Strawberry.png]
[mittrayash.github.io/img/projects/JourneyAdda.png]
[mittrayash.github.io/img/projects/Dental.jpg]
[mittrayash.github.io/img/projects/other.png]
[mittrayash.github.io/oldsite/index.html]
[mittrayash.github.io/img/projects/firebaseRestaurant2.png]
[mittrayash.github.io/img/projects/Dental2.png]
[mittrayash.github.io/img/projects/Journeyadda2.png]
[mittrayash.github.io/img/projects/Strawberry2.png]
[mittrayash.github.io/img/projects/Princeton11.png]
[mittrayash.github.io/img/projects/protein2.png]
[mittrayash.github.io/img/intern/vk2.png]
[mittrayash.github.io/img/projects/HPCS2.png]
[mittrayash.github.io/img/projects/process2.png]
[mittrayash.github.io/img/prize.png]
[mittrayash.github.io/images/red-icon2.png]
[mittrayash.github.io/images/work/brock.png]
[mittrayash.github.io/images/work/opg.png]
[mittrayash.github.io/images/work/universal.png]
[mittrayash.github.io/images/work/xerox.png]
[mittrayash.github.io/images/work/niagaracollege.png]
[mittrayash.github.io/documents/karimhamasni-resume.pdf]
[mittrayash.github.io/documents/brock-grades.pdf]
[mittrayash.github.io/documents/niagara-grades.pdf]
[mittrayash.github.io/images/work/bigbrothers.png]
[mittrayash.github.io/images/work/csbreakdown.png]
[mittrayash.github.io/images/work/makeitmobile.png]
[mittrayash.github.io/images/work/mastersofcode.png]
[mittrayash.github.io/images/work/csc.png]
[mittrayash.github.io/images/work/goldenkey.png]
[mittrayash.github.io/images/work/csgames.png]
[mittrayash.github.io/images/work/kickstart.png]
[mittrayash.github.io/images/work/mastercardnxt.png]
[mittrayash.github.io/js/jquery.scrollTo.min.js]
[mittrayash.github.io/js/jquery-1.11.3.min.js]
[mittrayash.github.io/js/jquery.nicescroll.min.js]
[mittrayash.github.io/js/owl.carousel.js]
[mittrayash.github.io/js/typed.js]
[mittrayash.github.io/index.html]
[mittrayash.github.io/js/custom.js]
[mittrayash.github.io/bootstrap/fonts/glyphicons-halflings-regular.eot]
[mittrayash.github.io/bootstrap/fonts/glyphicons-halflings-regular.woff2]
[mittrayash.github.io/bootstrap/fonts/glyphicons-halflings-regular.woff]
[mittrayash.github.io/bootstrap/fonts/glyphicons-halflings-regulard41d.eot]
[mittrayash.github.io/bootstrap/fonts/glyphicons-halflings-regular.ttf]
[mittrayash.github.io/bootstrap/css/bootstrap.min.css]
[mittrayash.github.io/css/fonts/aileron_regular-webfontd41d.eot]
[mittrayash.github.io/css/fonts/aileron_regular-webfont.woff2]
[mittrayash.github.io/bootstrap/fonts/glyphicons-halflings-regular.svg]
[mittrayash.github.io/css/fonts/aileron_regular-webfont.eot]
[mittrayash.github.io/css/fonts/aileron_regular-webfont.woff]
[mittrayash.github.io/css/fonts/aileron_regular-webfont.svg]
[mittrayash.github.io/css/fonts/montserrat-bold-webfontd41d.eot]
[mittrayash.github.io/css/fonts/aileron_regular-webfont.ttf]
[mittrayash.github.io/css/fonts/montserrat-bold-webfont.eot]
[mittrayash.github.io/css/fonts/montserrat-bold-webfont.woff2]
[mittrayash.github.io/css/fonts/montserrat-bold-webfont.woff]
[mittrayash.github.io/css/fonts/montserrat-bold-webfont.svg]
[mittrayash.github.io/css/fonts/raleway-regular-webfont.eot]
[mittrayash.github.io/css/fonts/montserrat-bold-webfont.ttf]
[mittrayash.github.io/css/fonts/raleway-regular-webfontd41d.eot]
[mittrayash.github.io/css/fonts/raleway-regular-webfont.woff2]
[mittrayash.github.io/css/fonts/raleway-regular-webfont.woff]
[mittrayash.github.io/images/bg/loader.gif]
[mittrayash.github.io/css/fonts/raleway-regular-webfont.svg]
[mittrayash.github.io/images/logo.png]
[mittrayash.github.io/css/fonts/raleway-regular-webfont.ttf]
[mittrayash.github.io/images/socialmedia.png]
[mittrayash.github.io/images/close.png]
[mittrayash.github.io/images/next-bg.png]
[mittrayash.github.io/images/prev-bg.png]
[mittrayash.github.io/images/moreimages.png]
[mittrayash.github.io/images/mobilemenu.png]
[mittrayash.github.io/images/landingpage.jpg]
[mittrayash.github.io/images/heart.png]
[mittrayash.github.io/css/style.css]
[mittrayash.github.io/css/animations.css]
[maxcdn.bootstrapcdn.com/font-awesome/4.4.0/css/font-awesome.min.css]
[mittrayash.github.io/css/skills.css]
[mittrayash.github.io/css/grabbing.png]
[mittrayash.github.io/css/owl.carousel.css]
[mittrayash.github.io/oldsite/image/logo1.png]
[mittrayash.github.io/oldsite/css/bootstrap.css]
[mittrayash.github.io/oldsite/css/main.css]
[mittrayash.github.io/oldsite/css/animate.css]
[mittrayash.github.io/oldsite/css/elastislide.css]
[mittrayash.github.io/oldsite/css/font-awesome.css]
[mittrayash.github.io/oldsite/css/custom.css]
[mittrayash.github.io/oldsite/js/modernizr.custom.17475.js]
[davidstutz.github.io/bootstrap-multiselect/dist/css/bootstrap-multiselect.69.delayed]
[ajax.googleapis.com/ajax/libs/jquery/1.11.3/jquery.min.js]
[maxcdn.bootstrapcdn.com/font-awesome/4.1.0/css/font-awesome.min.css]
[maxcdn.bootstrapcdn.com/bootstrap/3.3.7/css/bootstrap.min.css]
[mittrayash.github.io/oldsite/css/skills.css]
[mittrayash.github.io/oldsite/main2.css]
[ajax.googleapis.com/ajax/libs/jquery/3.2.1/jquery.min.js]
[maxcdn.bootstrapcdn.com/bootstrap/3.3.7/js/bootstrap.min.js]
[mittrayash.github.io/oldsite/Yash.jpg]
[cdnjs.cloudflare.com/ajax/libs/font-awesome/4.7.0/css/font-awesome.min.css]
[mittrayash.github.io/oldsite/img/intern/hpcs.png]
[mittrayash.github.io/oldsite/www.hpcsphere.com]
[mittrayash.github.io/oldsite/img/intern/acefinity.jpg]
[mittrayash.github.io/oldsite/img/intern/Umeed.png]
[mittrayash.github.io/oldsite/img/intern/hcl.jpg]
[mittrayash.github.io/oldsite/img/intern/Zlife.png]
[mittrayash.github.io/oldsite/img/projects/CreativeKey.png]
[mittrayash.github.io/oldsite/img/projects/Princeton.png]
[mittrayash.github.io/oldsite/img/projects/HPCS.png]
[mittrayash.github.io/oldsite/img/projects/pollution.png]
[mittrayash.github.io/oldsite/img/projects/firebaseRestaurant.png]
[mittrayash.github.io/oldsite/img/projects/ComputerVision.png]
[mittrayash.github.io/oldsite/img/projects/Strawberry.png]
[mittrayash.github.io/oldsite/img/projects/JourneyAdda.png]
[mittrayash.github.io/oldsite/img/projects/Titanic.png]
[mittrayash.github.io/oldsite/img/projects/Data.png]
[mittrayash.github.io/oldsite/img/projects/Hypothesis.gif]
[mittrayash.github.io/oldsite/img/projects/Dental.jpg]
[mittrayash.github.io/oldsite/js/wow.min.js]
[mittrayash.github.io/oldsite/js/jquery.min.js]
[mittrayash.github.io/oldsite/js/custom.js]
[mittrayash.github.io/index-2.html]
[davidstutz.github.io/bootstrap-multiselect/dist/js/bootstrap-multiselect.89.delayed]
[mittrayash.github.io/oldsite/js/jquerypp.custom.js]
[mittrayash.github.io/oldsite/js/jquery.elastislide.js]
[mittrayash.github.io/oldsite/index.html]
[mittrayash.github.io/img/projects/Journeyadda2.html]
[mittrayash.github.io/documents/karimhamasni-resume.html]
[mittrayash.github.io/documents/brock-grades.html]
[mittrayash.github.io/documents/niagara-grades.html]
[mittrayash.github.io/bootstrap/fonts/glyphicons-halflings-regular.svg]
[mittrayash.github.io/css/fonts/aileron_regular-webfont.svg]
[mittrayash.github.io/css/fonts/montserrat-bold-webfont.svg]
[mittrayash.github.io/css/fonts/raleway-regular-webfont.svg]
[mittrayash.github.io/css/grabbing.html]
[mittrayash.github.io/oldsite/image/logo1.html]
[mittrayash.github.io/oldsite/js/typed.js]
[mittrayash.github.io/oldsite/fonts/glyphicons-halflings-regular.eot]
[mittrayash.github.io/oldsite/fonts/glyphicons-halflings-regular.woff2]
[mittrayash.github.io/oldsite/fonts/glyphicons-halflings-regulard41d.eot]
[mittrayash.github.io/oldsite/fonts/glyphicons-halflings-regular.woff]
[mittrayash.github.io/oldsite/fonts/Source Sans Pro-ExtraLight.ttf]
[mittrayash.github.io/oldsite/css/bootstrap.css]
[mittrayash.github.io/oldsite/css/animate.css]
[mittrayash.github.io/oldsite/fonts/glyphicons-halflings-regular.svg]
[mittrayash.github.io/oldsite/css/image/home4.png]
[heli.thememove.com/wp-content/uploads/2016/05/newhome_24f9d.jpg]
[mittrayash.github.io/oldsite/css/main.css]
[mittrayash.github.io/oldsite/fonts/fontawesome-webfontd41d.eot]
[mittrayash.github.io/oldsite/fonts/fontawesome-webfont3e6e.woff2]
[mittrayash.github.io/oldsite/fonts/fontawesome-webfont3e6e.eot]
[mittrayash.github.io/oldsite/fonts/fontawesome-webfont3e6e.woff]
[mittrayash.github.io/oldsite/css/font-awesome.css]
[mittrayash.github.io/oldsite/fonts/fontawesome-webfont3e6e.ttf]
[mittrayash.github.io/oldsite/images/loading.9c.delayed]
[mittrayash.github.io/oldsite/image/nav.png]
[mittrayash.github.io/oldsite/css/elastislide.css]
[mittrayash.github.io/oldsite/images/loading_dark.gif]
[mittrayash.github.io/oldsite/fonts/fontawesome-webfont3e6e.svg]
[mittrayash.github.io/oldsite/css/custom.css]
[davidstutz.github.io/bootstrap-multiselect/dist/css/bootstrap-multiselect.html]
[maxcdn.bootstrapcdn.com/font-awesome/4.1.0/css/font-awesome.min.css]
[d396qusza40orc.cloudfront.net/phoenixassets/web-frameworks/bootstrap-social.css]
[maxcdn.bootstrapcdn.com/bootstrap/3.3.7/css/bootstrap.min.css]
[mittrayash.github.io/oldsite/css/skills.css]
[mittrayash.github.io/oldsite/css/font-awesome.min.css]
[mittrayash.github.io/oldsite/img/back3.jpg]
[mittrayash.github.io/oldsite/images/bg.png]
[mittrayash.github.io/oldsite/New-York-banner-manicare.jpg]
[mittrayash.github.io/oldsite/main2.css]
[cdnjs.cloudflare.com/ajax/libs/font-awesome/4.7.0/css/font-awesome.min.css]
[mittrayash.github.io/oldsite/www.hpcsphere.html]
[mittrayash.github.io/index-2.html]
[davidstutz.github.io/bootstrap-multiselect/dist/js/bootstrap-multiselect.html]
[mittrayash.github.io/oldsite/fonts/glyphicons-halflings-regular.html]
[mittrayash.github.io/oldsite/fonts/Source Sans Pro-ExtraLight.html]
[mittrayash.github.io/oldsite/fonts/glyphicons-halflings-regular.svg]
[mittrayash.github.io/oldsite/css/image/home4.html]
[mittrayash.github.io/oldsite/fonts/fontawesome-webfont3e6e.svg]
[mittrayash.github.io/oldsite/images/loading.html]
[mittrayash.github.io/oldsite/image/nav.html]
[mittrayash.github.io/oldsite/images/loading_dark.html]
[mittrayash.github.io/oldsite/fonts/fontawesome-webfont5b62.woff2]
[mittrayash.github.io/oldsite/fonts/fontawesome-webfont5b62.eot]
[mittrayash.github.io/oldsite/fonts/fontawesome-webfont5b62.woff]
[mittrayash.github.io/oldsite/css/font-awesome.min.css]
[mittrayash.github.io/oldsite/images/bg.html]
[mittrayash.github.io/oldsite/fonts/fontawesome-webfont5b62.svg]
[mittrayash.github.io/oldsite/fonts/fontawesome-webfont5b62.ttf]
[mittrayash.github.io/oldsite/fonts/fontawesome-webfont5b62.svg]
